// Jest Snapshot v1, https://goo.gl/fbAQLP

exports[`matches the snapshot 1`] = `
<PageWithHeader
  showAuthButton={true}
>
  <styled.div>
    <DrinksList />
  </styled.div>
</PageWithHeader>
`;
