// Jest Snapshot v1, https://goo.gl/fbAQLP

exports[`matches the snapshot 1`] = `
<styled.button
  onClick={[Function]}
>
  Login
</styled.button>
`;
