// Jest Snapshot v1, https://goo.gl/fbAQLP

exports[`matches the snapshot 1`] = `
<styled.div>
  Oops! This page doesn't seem to exist ðŸ˜“
</styled.div>
`;
