// Jest Snapshot v1, https://goo.gl/fbAQLP

exports[`matches the snapshot 1`] = `
<Styled(Modal)>
  <p>
    Authentication failed. 
  </p>
</Styled(Modal)>
`;
